// Jest Snapshot v1, https://goo.gl/fbAQLP

exports[`MessageList renders the room modal 1`] = `
<div class="container">
    <button class="btn newRoomButton">
        Create a new Room
    </button>
    <!---->
</div>
`;
